
> frontend@0.0.0 build
> vite build

[36mvite v8.0.8 [32mbuilding client environment for production...[36m[39m
[2K
transforming...Γ£ô 2719 modules transformed.
rendering chunks...
node.exe : [31mΓ£ù[39m Build failed in 3.00s
At C:\Program Files\nodejs\npm.ps1:29 char:3
+   & $NODE_EXE $NPM_CLI_JS $args
+   ~~~~~~~~~~~~~~~~~~~~~~~~~~~~~
    + CategoryInfo          : NotSpecified: ([31mΓ£ù[39m Build failed in 3.00s:String) [], RemoteException
    + FullyQualifiedErrorId : NativeCommandError
 
[31merror during build:
[31mBuild failed with 1 error:

[31m[MISSING_EXPORT] Error:[0m "auth" is not exported by "src/services/firestore.js".
   [38;5;246mΓò¡[0m[38;5;246mΓöÇ[0m[38;5;246m[[0m src/pages/SelectSeat.jsx:7:14 [38;5;246m][0m
   [38;5;246mΓöé[0m
 [38;5;246m7 Γöé[0m 
[38;5;249mi[0m[38;5;249mm[0m[38;5;249mp[0m[38;5;249mo[0m[38;5;249mr[0m[38;5;249mt[0m[38;5;249m 
[0m[38;5;249m{[0m[38;5;249m [0m[38;5;249md[0m[38;5;249mb[0m[38;5;249m,[0m[38;5;249m [0mauth[38;5;249m 
[0m[38;5;249m}[0m[38;5;249m [0m[38;5;249mf[0m[38;5;249mr[0m[38;5;249mo[0m[38;5;249mm[0m[38;5;249m [0m[3
8;5;249m"[0m[38;5;249m.[0m[38;5;249m.[0m[38;5;249m/[0m[38;5;249ms[0m[38;5;249me[0m[38;5;249mr[0m[38;5;249
mv[0m[38;5;249mi[0m[38;5;249mc[0m[38;5;249me[0m[38;5;249ms[0m[38;5;249m/[0m[38;5;249mf[0m[38;5;249mi[0m
[38;5;249mr[0m[38;5;249me[0m[38;5;249ms[0m[38;5;249mt[0m[38;5;249mo[0m[38;5;249mr[0m[38;5;249me[0m[38;5;2
49m"[0m[38;5;249m;[0m
 [38;5;240m  Γöé[0m              ΓöÇΓöÇΓö¼ΓöÇ  
 [38;5;240m  Γöé[0m                Γò░ΓöÇΓöÇΓöÇ Missing export
[38;5;246mΓöÇΓöÇΓöÇΓò»[0m
[31m
    at aggregateBindingErrorsIntoJsError 
(file:///C:/Coding/Crowdlux/frontend/node_modules/rolldown/dist/shared/error-w0u7biK-.mjs:48:18)
    at unwrapBindingResult 
(file:///C:/Coding/Crowdlux/frontend/node_modules/rolldown/dist/shared/error-w0u7biK-.mjs:18:128)
    at #build 
(file:///C:/Coding/Crowdlux/frontend/node_modules/rolldown/dist/shared/rolldown-build-DtGk-m96.mjs:3313:34)
    at async buildEnvironment (file:///C:/Coding/Crowdlux/frontend/node_modules/vite/dist/node/chunks/node.js:32954:64)
    at async Object.build (file:///C:/Coding/Crowdlux/frontend/node_modules/vite/dist/node/chunks/node.js:33376:19)
    at async Object.buildApp (file:///C:/Coding/Crowdlux/frontend/node_modules/vite/dist/node/chunks/node.js:33373:153)
    at async CAC.<anonymous> (file:///C:/Coding/Crowdlux/frontend/node_modules/vite/dist/node/cli.js:778:3) {
  errors: [Getter/Setter]
}[39m
